Archive member included because of file (symbol)

c:/users/20100/downloads/atmel setup_mtgesh gmbo/extensions/atmel/avrgcc/3.4.1.95/avrtoolchain/bin/../lib/gcc/avr/4.6.2/../../../../avr/lib/avr5\libm.a(fixunssfsi.o)
                              Slave_B.o (__fixunssfsi)
c:/users/20100/downloads/atmel setup_mtgesh gmbo/extensions/atmel/avrgcc/3.4.1.95/avrtoolchain/bin/../lib/gcc/avr/4.6.2/../../../../avr/lib/avr5\libm.a(floatsisf.o)
                              Slave_B.o (__floatunsisf)
c:/users/20100/downloads/atmel setup_mtgesh gmbo/extensions/atmel/avrgcc/3.4.1.95/avrtoolchain/bin/../lib/gcc/avr/4.6.2/../../../../avr/lib/avr5\libm.a(fp_split3.o)
                              c:/users/20100/downloads/atmel setup_mtgesh gmbo/extensions/atmel/avrgcc/3.4.1.95/avrtoolchain/bin/../lib/gcc/avr/4.6.2/../../../../avr/lib/avr5\libm.a(fixunssfsi.o) (__fp_splitA)
c:/users/20100/downloads/atmel setup_mtgesh gmbo/extensions/atmel/avrgcc/3.4.1.95/avrtoolchain/bin/../lib/gcc/avr/4.6.2/../../../../avr/lib/avr5\libm.a(fp_zero.o)
                              c:/users/20100/downloads/atmel setup_mtgesh gmbo/extensions/atmel/avrgcc/3.4.1.95/avrtoolchain/bin/../lib/gcc/avr/4.6.2/../../../../avr/lib/avr5\libm.a(fixunssfsi.o) (__fp_zero)
c:/users/20100/downloads/atmel setup_mtgesh gmbo/extensions/atmel/avrgcc/3.4.1.95/avrtoolchain/bin/../lib/gcc/avr/4.6.2/../../../../avr/lib/avr5\libm.a(mulsf3.o)
                              Slave_B.o (__mulsf3)
c:/users/20100/downloads/atmel setup_mtgesh gmbo/extensions/atmel/avrgcc/3.4.1.95/avrtoolchain/bin/../lib/gcc/avr/4.6.2/../../../../avr/lib/avr5\libm.a(mulsf3x.o)
                              c:/users/20100/downloads/atmel setup_mtgesh gmbo/extensions/atmel/avrgcc/3.4.1.95/avrtoolchain/bin/../lib/gcc/avr/4.6.2/../../../../avr/lib/avr5\libm.a(mulsf3.o) (__mulsf3x)
c:/users/20100/downloads/atmel setup_mtgesh gmbo/extensions/atmel/avrgcc/3.4.1.95/avrtoolchain/bin/../lib/gcc/avr/4.6.2/../../../../avr/lib/avr5\libm.a(fp_inf.o)
                              c:/users/20100/downloads/atmel setup_mtgesh gmbo/extensions/atmel/avrgcc/3.4.1.95/avrtoolchain/bin/../lib/gcc/avr/4.6.2/../../../../avr/lib/avr5\libm.a(mulsf3x.o) (__fp_inf)
c:/users/20100/downloads/atmel setup_mtgesh gmbo/extensions/atmel/avrgcc/3.4.1.95/avrtoolchain/bin/../lib/gcc/avr/4.6.2/../../../../avr/lib/avr5\libm.a(fp_nan.o)
                              c:/users/20100/downloads/atmel setup_mtgesh gmbo/extensions/atmel/avrgcc/3.4.1.95/avrtoolchain/bin/../lib/gcc/avr/4.6.2/../../../../avr/lib/avr5\libm.a(mulsf3x.o) (__fp_nan)
c:/users/20100/downloads/atmel setup_mtgesh gmbo/extensions/atmel/avrgcc/3.4.1.95/avrtoolchain/bin/../lib/gcc/avr/4.6.2/../../../../avr/lib/avr5\libm.a(fp_pscA.o)
                              c:/users/20100/downloads/atmel setup_mtgesh gmbo/extensions/atmel/avrgcc/3.4.1.95/avrtoolchain/bin/../lib/gcc/avr/4.6.2/../../../../avr/lib/avr5\libm.a(mulsf3x.o) (__fp_pscA)
c:/users/20100/downloads/atmel setup_mtgesh gmbo/extensions/atmel/avrgcc/3.4.1.95/avrtoolchain/bin/../lib/gcc/avr/4.6.2/../../../../avr/lib/avr5\libm.a(fp_pscB.o)
                              c:/users/20100/downloads/atmel setup_mtgesh gmbo/extensions/atmel/avrgcc/3.4.1.95/avrtoolchain/bin/../lib/gcc/avr/4.6.2/../../../../avr/lib/avr5\libm.a(mulsf3x.o) (__fp_pscB)
c:/users/20100/downloads/atmel setup_mtgesh gmbo/extensions/atmel/avrgcc/3.4.1.95/avrtoolchain/bin/../lib/gcc/avr/4.6.2/../../../../avr/lib/avr5\libm.a(fp_round.o)
                              c:/users/20100/downloads/atmel setup_mtgesh gmbo/extensions/atmel/avrgcc/3.4.1.95/avrtoolchain/bin/../lib/gcc/avr/4.6.2/../../../../avr/lib/avr5\libm.a(mulsf3.o) (__fp_round)
c:/users/20100/downloads/atmel setup_mtgesh gmbo/extensions/atmel/avrgcc/3.4.1.95/avrtoolchain/bin/../lib/gcc/avr/4.6.2/avr5\libgcc.a(_exit.o)
                              c:/users/20100/downloads/atmel setup_mtgesh gmbo/extensions/atmel/avrgcc/3.4.1.95/avrtoolchain/bin/../lib/gcc/avr/4.6.2/../../../../avr/lib/avr5/crtm32.o (exit)
c:/users/20100/downloads/atmel setup_mtgesh gmbo/extensions/atmel/avrgcc/3.4.1.95/avrtoolchain/bin/../lib/gcc/avr/4.6.2/avr5\libgcc.a(_copy_data.o)
                              ADC_driver.o (__do_copy_data)
c:/users/20100/downloads/atmel setup_mtgesh gmbo/extensions/atmel/avrgcc/3.4.1.95/avrtoolchain/bin/../lib/gcc/avr/4.6.2/avr5\libgcc.a(_clear_bss.o)
                              ADC_driver.o (__do_clear_bss)

Memory Configuration

Name             Origin             Length             Attributes
text             0x00000000         0x00020000         xr
data             0x00800060         0x0000ffa0         rw !x
eeprom           0x00810000         0x00010000         rw !x
fuse             0x00820000         0x00000400         rw !x
lock             0x00830000         0x00000400         rw !x
signature        0x00840000         0x00000400         rw !x
*default*        0x00000000         0xffffffff

Linker script and memory map

LOAD c:/users/20100/downloads/atmel setup_mtgesh gmbo/extensions/atmel/avrgcc/3.4.1.95/avrtoolchain/bin/../lib/gcc/avr/4.6.2/../../../../avr/lib/avr5/crtm32.o
LOAD ADC_driver.o
LOAD DIO_driver.o
LOAD LED_driver.o
LOAD MOTORS.o
LOAD Slave_B.o
LOAD SPI_driver.o
LOAD Timer_driver.o
START GROUP
LOAD c:/users/20100/downloads/atmel setup_mtgesh gmbo/extensions/atmel/avrgcc/3.4.1.95/avrtoolchain/bin/../lib/gcc/avr/4.6.2/../../../../avr/lib/avr5\libm.a
END GROUP
LOAD c:/users/20100/downloads/atmel setup_mtgesh gmbo/extensions/atmel/avrgcc/3.4.1.95/avrtoolchain/bin/../lib/gcc/avr/4.6.2/avr5\libgcc.a
LOAD c:/users/20100/downloads/atmel setup_mtgesh gmbo/extensions/atmel/avrgcc/3.4.1.95/avrtoolchain/bin/../lib/gcc/avr/4.6.2/../../../../avr/lib/avr5\libc.a
LOAD c:/users/20100/downloads/atmel setup_mtgesh gmbo/extensions/atmel/avrgcc/3.4.1.95/avrtoolchain/bin/../lib/gcc/avr/4.6.2/avr5\libgcc.a

.hash
 *(.hash)

.dynsym
 *(.dynsym)

.dynstr
 *(.dynstr)

.gnu.version
 *(.gnu.version)

.gnu.version_d
 *(.gnu.version_d)

.gnu.version_r
 *(.gnu.version_r)

.rel.init
 *(.rel.init)

.rela.init
 *(.rela.init)

.rel.text
 *(.rel.text)
 *(.rel.text.*)
 *(.rel.gnu.linkonce.t*)

.rela.text
 *(.rela.text)
 *(.rela.text.*)
 *(.rela.gnu.linkonce.t*)

.rel.fini
 *(.rel.fini)

.rela.fini
 *(.rela.fini)

.rel.rodata
 *(.rel.rodata)
 *(.rel.rodata.*)
 *(.rel.gnu.linkonce.r*)

.rela.rodata
 *(.rela.rodata)
 *(.rela.rodata.*)
 *(.rela.gnu.linkonce.r*)

.rel.data
 *(.rel.data)
 *(.rel.data.*)
 *(.rel.gnu.linkonce.d*)

.rela.data
 *(.rela.data)
 *(.rela.data.*)
 *(.rela.gnu.linkonce.d*)

.rel.ctors
 *(.rel.ctors)

.rela.ctors
 *(.rela.ctors)

.rel.dtors
 *(.rel.dtors)

.rela.dtors
 *(.rela.dtors)

.rel.got
 *(.rel.got)

.rela.got
 *(.rela.got)

.rel.bss
 *(.rel.bss)

.rela.bss
 *(.rela.bss)

.rel.plt
 *(.rel.plt)

.rela.plt
 *(.rela.plt)

.text           0x00000000      0xde6
 *(.vectors)
 .vectors       0x00000000       0x54 c:/users/20100/downloads/atmel setup_mtgesh gmbo/extensions/atmel/avrgcc/3.4.1.95/avrtoolchain/bin/../lib/gcc/avr/4.6.2/../../../../avr/lib/avr5/crtm32.o
                0x00000000                __vector_default
                0x00000000                __vectors
 *(.vectors)
 *(.progmem.gcc*)
 .progmem.gcc_sw_table
                0x00000054       0x60 Slave_B.o
 *(.progmem*)
                0x000000b4                . = ALIGN (0x2)
                0x000000b4                __trampolines_start = .
 *(.trampolines)
 .trampolines   0x000000b4        0x0 linker stubs
 *(.trampolines*)
                0x000000b4                __trampolines_end = .
 *(.jumptables)
 *(.jumptables*)
 *(.lowtext)
 *(.lowtext*)
                0x000000b4                __ctors_start = .
 *(.ctors)
                0x000000b4                __ctors_end = .
                0x000000b4                __dtors_start = .
 *(.dtors)
                0x000000b4                __dtors_end = .
 SORT(*)(.ctors)
 SORT(*)(.dtors)
 *(.init0)
 .init0         0x000000b4        0x0 c:/users/20100/downloads/atmel setup_mtgesh gmbo/extensions/atmel/avrgcc/3.4.1.95/avrtoolchain/bin/../lib/gcc/avr/4.6.2/../../../../avr/lib/avr5/crtm32.o
                0x000000b4                __init
 *(.init0)
 *(.init1)
 *(.init1)
 *(.init2)
 .init2         0x000000b4        0xc c:/users/20100/downloads/atmel setup_mtgesh gmbo/extensions/atmel/avrgcc/3.4.1.95/avrtoolchain/bin/../lib/gcc/avr/4.6.2/../../../../avr/lib/avr5/crtm32.o
 *(.init2)
 *(.init3)
 *(.init3)
 *(.init4)
 .init4         0x000000c0       0x16 c:/users/20100/downloads/atmel setup_mtgesh gmbo/extensions/atmel/avrgcc/3.4.1.95/avrtoolchain/bin/../lib/gcc/avr/4.6.2/avr5\libgcc.a(_copy_data.o)
                0x000000c0                __do_copy_data
 .init4         0x000000d6       0x10 c:/users/20100/downloads/atmel setup_mtgesh gmbo/extensions/atmel/avrgcc/3.4.1.95/avrtoolchain/bin/../lib/gcc/avr/4.6.2/avr5\libgcc.a(_clear_bss.o)
                0x000000d6                __do_clear_bss
 *(.init4)
 *(.init5)
 *(.init5)
 *(.init6)
 *(.init6)
 *(.init7)
 *(.init7)
 *(.init8)
 *(.init8)
 *(.init9)
 .init9         0x000000e6        0x8 c:/users/20100/downloads/atmel setup_mtgesh gmbo/extensions/atmel/avrgcc/3.4.1.95/avrtoolchain/bin/../lib/gcc/avr/4.6.2/../../../../avr/lib/avr5/crtm32.o
 *(.init9)
 *(.text)
 .text          0x000000ee        0x4 c:/users/20100/downloads/atmel setup_mtgesh gmbo/extensions/atmel/avrgcc/3.4.1.95/avrtoolchain/bin/../lib/gcc/avr/4.6.2/../../../../avr/lib/avr5/crtm32.o
                0x000000ee                __vector_1
                0x000000ee                __vector_12
                0x000000ee                __bad_interrupt
                0x000000ee                __vector_6
                0x000000ee                __vector_3
                0x000000ee                __vector_11
                0x000000ee                __vector_13
                0x000000ee                __vector_17
                0x000000ee                __vector_19
                0x000000ee                __vector_7
                0x000000ee                __vector_5
                0x000000ee                __vector_4
                0x000000ee                __vector_9
                0x000000ee                __vector_2
                0x000000ee                __vector_15
                0x000000ee                __vector_8
                0x000000ee                __vector_14
                0x000000ee                __vector_16
                0x000000ee                __vector_18
                0x000000ee                __vector_20
 .text          0x000000f2       0x24 ADC_driver.o
                0x000000f2                ADC_vInit
                0x000000fe                ADC_u16Read
 .text          0x00000116      0x65a DIO_driver.o
                0x00000116                DIO_set_PINDir
                0x00000238                DIO_Write
                0x0000035a                DIO_u8read
                0x00000424                DIO_Toggle
                0x000004be                DIO_SET_Port_Direction
                0x000004fc                DIO_WRITE_PORT
                0x0000053a                DIO_Read_PORT
                0x0000057c                DIO_vConnectPullup
                0x0000069e                DIO_Write_Low_Nibble
                0x00000706                DIO_Write_High_Nibble
 .text          0x00000770       0x24 LED_driver.o
                0x00000770                LED_vInit
                0x00000778                LED_vTurnOn
                0x00000780                LED_vTurnOFF
                0x00000788                LED_vToggle
                0x0000078e                LED_u8Read
 .text          0x00000794       0x6e MOTORS.o
                0x00000794                DC_Motor_vInit
                0x000007c0                DC_Motor_Start
                0x000007de                DC_Motor_Stop
                0x000007fc                DC_Motor_u8Read
 .text          0x00000802      0x2e8 Slave_B.o
                0x00000802                main
                0x000009f0                __vector_10
 .text          0x00000aea       0x62 SPI_driver.o
                0x00000aea                SPI_MasterInit
                0x00000b1a                SPI_SlaveInit
                0x00000b28                SPI_MasterTransmitchar
                0x00000b42                SPI_SlaveReceiverchar
 .text          0x00000b4c       0x5c Timer_driver.o
                0x00000b4c                Timer_CTC_Stop
                0x00000b60                Timer_CTC_Init_interrupt
                0x00000b8c                Timer2_OverFlow_Init_interrupt
 .text          0x00000ba8        0x0 c:/users/20100/downloads/atmel setup_mtgesh gmbo/extensions/atmel/avrgcc/3.4.1.95/avrtoolchain/bin/../lib/gcc/avr/4.6.2/../../../../avr/lib/avr5\libm.a(fixunssfsi.o)
 .text          0x00000ba8        0x0 c:/users/20100/downloads/atmel setup_mtgesh gmbo/extensions/atmel/avrgcc/3.4.1.95/avrtoolchain/bin/../lib/gcc/avr/4.6.2/../../../../avr/lib/avr5\libm.a(floatsisf.o)
 .text          0x00000ba8        0x0 c:/users/20100/downloads/atmel setup_mtgesh gmbo/extensions/atmel/avrgcc/3.4.1.95/avrtoolchain/bin/../lib/gcc/avr/4.6.2/../../../../avr/lib/avr5\libm.a(fp_split3.o)
 .text          0x00000ba8        0x0 c:/users/20100/downloads/atmel setup_mtgesh gmbo/extensions/atmel/avrgcc/3.4.1.95/avrtoolchain/bin/../lib/gcc/avr/4.6.2/../../../../avr/lib/avr5\libm.a(fp_zero.o)
 .text          0x00000ba8        0x0 c:/users/20100/downloads/atmel setup_mtgesh gmbo/extensions/atmel/avrgcc/3.4.1.95/avrtoolchain/bin/../lib/gcc/avr/4.6.2/../../../../avr/lib/avr5\libm.a(mulsf3.o)
 .text          0x00000ba8        0x0 c:/users/20100/downloads/atmel setup_mtgesh gmbo/extensions/atmel/avrgcc/3.4.1.95/avrtoolchain/bin/../lib/gcc/avr/4.6.2/../../../../avr/lib/avr5\libm.a(mulsf3x.o)
 .text          0x00000ba8        0x0 c:/users/20100/downloads/atmel setup_mtgesh gmbo/extensions/atmel/avrgcc/3.4.1.95/avrtoolchain/bin/../lib/gcc/avr/4.6.2/../../../../avr/lib/avr5\libm.a(fp_inf.o)
 .text          0x00000ba8        0x0 c:/users/20100/downloads/atmel setup_mtgesh gmbo/extensions/atmel/avrgcc/3.4.1.95/avrtoolchain/bin/../lib/gcc/avr/4.6.2/../../../../avr/lib/avr5\libm.a(fp_nan.o)
 .text          0x00000ba8        0x0 c:/users/20100/downloads/atmel setup_mtgesh gmbo/extensions/atmel/avrgcc/3.4.1.95/avrtoolchain/bin/../lib/gcc/avr/4.6.2/../../../../avr/lib/avr5\libm.a(fp_pscA.o)
 .text          0x00000ba8        0x0 c:/users/20100/downloads/atmel setup_mtgesh gmbo/extensions/atmel/avrgcc/3.4.1.95/avrtoolchain/bin/../lib/gcc/avr/4.6.2/../../../../avr/lib/avr5\libm.a(fp_pscB.o)
 .text          0x00000ba8        0x0 c:/users/20100/downloads/atmel setup_mtgesh gmbo/extensions/atmel/avrgcc/3.4.1.95/avrtoolchain/bin/../lib/gcc/avr/4.6.2/../../../../avr/lib/avr5\libm.a(fp_round.o)
 .text          0x00000ba8        0x0 c:/users/20100/downloads/atmel setup_mtgesh gmbo/extensions/atmel/avrgcc/3.4.1.95/avrtoolchain/bin/../lib/gcc/avr/4.6.2/avr5\libgcc.a(_exit.o)
 .text          0x00000ba8        0x0 c:/users/20100/downloads/atmel setup_mtgesh gmbo/extensions/atmel/avrgcc/3.4.1.95/avrtoolchain/bin/../lib/gcc/avr/4.6.2/avr5\libgcc.a(_copy_data.o)
 .text          0x00000ba8        0x0 c:/users/20100/downloads/atmel setup_mtgesh gmbo/extensions/atmel/avrgcc/3.4.1.95/avrtoolchain/bin/../lib/gcc/avr/4.6.2/avr5\libgcc.a(_clear_bss.o)
                0x00000ba8                . = ALIGN (0x2)
 *(.text.*)
 .text.avr-libc.fplib
                0x00000ba8       0x58 c:/users/20100/downloads/atmel setup_mtgesh gmbo/extensions/atmel/avrgcc/3.4.1.95/avrtoolchain/bin/../lib/gcc/avr/4.6.2/../../../../avr/lib/avr5\libm.a(fixunssfsi.o)
                0x00000ba8                __fixunssfsi
 .text.avr-libc.fplib
                0x00000c00       0x7a c:/users/20100/downloads/atmel setup_mtgesh gmbo/extensions/atmel/avrgcc/3.4.1.95/avrtoolchain/bin/../lib/gcc/avr/4.6.2/../../../../avr/lib/avr5\libm.a(floatsisf.o)
                0x00000c00                __floatunsisf
                0x00000c04                __floatsisf
 .text.avr-libc.fplib
                0x00000c7a       0x44 c:/users/20100/downloads/atmel setup_mtgesh gmbo/extensions/atmel/avrgcc/3.4.1.95/avrtoolchain/bin/../lib/gcc/avr/4.6.2/../../../../avr/lib/avr5\libm.a(fp_split3.o)
                0x00000c7a                __fp_split3
                0x00000c8a                __fp_splitA
 .text.avr-libc.fplib
                0x00000cbe        0xe c:/users/20100/downloads/atmel setup_mtgesh gmbo/extensions/atmel/avrgcc/3.4.1.95/avrtoolchain/bin/../lib/gcc/avr/4.6.2/../../../../avr/lib/avr5\libm.a(fp_zero.o)
                0x00000cbe                __fp_zero
                0x00000cc0                __fp_szero
 .text.avr-libc.fplib
                0x00000ccc        0x4 c:/users/20100/downloads/atmel setup_mtgesh gmbo/extensions/atmel/avrgcc/3.4.1.95/avrtoolchain/bin/../lib/gcc/avr/4.6.2/../../../../avr/lib/avr5\libm.a(mulsf3.o)
                0x00000ccc                __mulsf3
 .text.avr-libc.fplib
                0x00000cd0       0xc2 c:/users/20100/downloads/atmel setup_mtgesh gmbo/extensions/atmel/avrgcc/3.4.1.95/avrtoolchain/bin/../lib/gcc/avr/4.6.2/../../../../avr/lib/avr5\libm.a(mulsf3x.o)
                0x00000ce4                __mulsf3x
                0x00000ce8                __mulsf3_pse
 .text.avr-libc.fplib
                0x00000d92        0xc c:/users/20100/downloads/atmel setup_mtgesh gmbo/extensions/atmel/avrgcc/3.4.1.95/avrtoolchain/bin/../lib/gcc/avr/4.6.2/../../../../avr/lib/avr5\libm.a(fp_inf.o)
                0x00000d92                __fp_inf
 .text.avr-libc.fplib
                0x00000d9e        0x6 c:/users/20100/downloads/atmel setup_mtgesh gmbo/extensions/atmel/avrgcc/3.4.1.95/avrtoolchain/bin/../lib/gcc/avr/4.6.2/../../../../avr/lib/avr5\libm.a(fp_nan.o)
                0x00000d9e                __fp_nan
 .text.avr-libc.fplib
                0x00000da4        0xe c:/users/20100/downloads/atmel setup_mtgesh gmbo/extensions/atmel/avrgcc/3.4.1.95/avrtoolchain/bin/../lib/gcc/avr/4.6.2/../../../../avr/lib/avr5\libm.a(fp_pscA.o)
                0x00000da4                __fp_pscA
 .text.avr-libc.fplib
                0x00000db2        0xe c:/users/20100/downloads/atmel setup_mtgesh gmbo/extensions/atmel/avrgcc/3.4.1.95/avrtoolchain/bin/../lib/gcc/avr/4.6.2/../../../../avr/lib/avr5\libm.a(fp_pscB.o)
                0x00000db2                __fp_pscB
 .text.avr-libc.fplib
                0x00000dc0       0x22 c:/users/20100/downloads/atmel setup_mtgesh gmbo/extensions/atmel/avrgcc/3.4.1.95/avrtoolchain/bin/../lib/gcc/avr/4.6.2/../../../../avr/lib/avr5\libm.a(fp_round.o)
                0x00000dc0                __fp_round
 .text.libgcc   0x00000de2        0x0 c:/users/20100/downloads/atmel setup_mtgesh gmbo/extensions/atmel/avrgcc/3.4.1.95/avrtoolchain/bin/../lib/gcc/avr/4.6.2/avr5\libgcc.a(_exit.o)
 .text.libgcc   0x00000de2        0x0 c:/users/20100/downloads/atmel setup_mtgesh gmbo/extensions/atmel/avrgcc/3.4.1.95/avrtoolchain/bin/../lib/gcc/avr/4.6.2/avr5\libgcc.a(_copy_data.o)
 .text.libgcc   0x00000de2        0x0 c:/users/20100/downloads/atmel setup_mtgesh gmbo/extensions/atmel/avrgcc/3.4.1.95/avrtoolchain/bin/../lib/gcc/avr/4.6.2/avr5\libgcc.a(_clear_bss.o)
                0x00000de2                . = ALIGN (0x2)
 *(.fini9)
 .fini9         0x00000de2        0x0 c:/users/20100/downloads/atmel setup_mtgesh gmbo/extensions/atmel/avrgcc/3.4.1.95/avrtoolchain/bin/../lib/gcc/avr/4.6.2/avr5\libgcc.a(_exit.o)
                0x00000de2                _exit
                0x00000de2                exit
 *(.fini9)
 *(.fini8)
 *(.fini8)
 *(.fini7)
 *(.fini7)
 *(.fini6)
 *(.fini6)
 *(.fini5)
 *(.fini5)
 *(.fini4)
 *(.fini4)
 *(.fini3)
 *(.fini3)
 *(.fini2)
 *(.fini2)
 *(.fini1)
 *(.fini1)
 *(.fini0)
 .fini0         0x00000de2        0x4 c:/users/20100/downloads/atmel setup_mtgesh gmbo/extensions/atmel/avrgcc/3.4.1.95/avrtoolchain/bin/../lib/gcc/avr/4.6.2/avr5\libgcc.a(_exit.o)
 *(.fini0)
                0x00000de6                _etext = .

.data           0x00800060        0x2 load address 0x00000de6
                0x00800060                PROVIDE (__data_start, .)
 *(.data)
 .data          0x00800060        0x0 c:/users/20100/downloads/atmel setup_mtgesh gmbo/extensions/atmel/avrgcc/3.4.1.95/avrtoolchain/bin/../lib/gcc/avr/4.6.2/../../../../avr/lib/avr5/crtm32.o
 .data          0x00800060        0x0 ADC_driver.o
 .data          0x00800060        0x0 DIO_driver.o
 .data          0x00800060        0x0 LED_driver.o
 .data          0x00800060        0x0 MOTORS.o
 .data          0x00800060        0x1 Slave_B.o
                0x00800060                Temp_user_set
 .data          0x00800061        0x0 SPI_driver.o
 .data          0x00800061        0x0 Timer_driver.o
 .data          0x00800061        0x0 c:/users/20100/downloads/atmel setup_mtgesh gmbo/extensions/atmel/avrgcc/3.4.1.95/avrtoolchain/bin/../lib/gcc/avr/4.6.2/../../../../avr/lib/avr5\libm.a(fixunssfsi.o)
 .data          0x00800061        0x0 c:/users/20100/downloads/atmel setup_mtgesh gmbo/extensions/atmel/avrgcc/3.4.1.95/avrtoolchain/bin/../lib/gcc/avr/4.6.2/../../../../avr/lib/avr5\libm.a(floatsisf.o)
 .data          0x00800061        0x0 c:/users/20100/downloads/atmel setup_mtgesh gmbo/extensions/atmel/avrgcc/3.4.1.95/avrtoolchain/bin/../lib/gcc/avr/4.6.2/../../../../avr/lib/avr5\libm.a(fp_split3.o)
 .data          0x00800061        0x0 c:/users/20100/downloads/atmel setup_mtgesh gmbo/extensions/atmel/avrgcc/3.4.1.95/avrtoolchain/bin/../lib/gcc/avr/4.6.2/../../../../avr/lib/avr5\libm.a(fp_zero.o)
 .data          0x00800061        0x0 c:/users/20100/downloads/atmel setup_mtgesh gmbo/extensions/atmel/avrgcc/3.4.1.95/avrtoolchain/bin/../lib/gcc/avr/4.6.2/../../../../avr/lib/avr5\libm.a(mulsf3.o)
 .data          0x00800061        0x0 c:/users/20100/downloads/atmel setup_mtgesh gmbo/extensions/atmel/avrgcc/3.4.1.95/avrtoolchain/bin/../lib/gcc/avr/4.6.2/../../../../avr/lib/avr5\libm.a(mulsf3x.o)
 .data          0x00800061        0x0 c:/users/20100/downloads/atmel setup_mtgesh gmbo/extensions/atmel/avrgcc/3.4.1.95/avrtoolchain/bin/../lib/gcc/avr/4.6.2/../../../../avr/lib/avr5\libm.a(fp_inf.o)
 .data          0x00800061        0x0 c:/users/20100/downloads/atmel setup_mtgesh gmbo/extensions/atmel/avrgcc/3.4.1.95/avrtoolchain/bin/../lib/gcc/avr/4.6.2/../../../../avr/lib/avr5\libm.a(fp_nan.o)
 .data          0x00800061        0x0 c:/users/20100/downloads/atmel setup_mtgesh gmbo/extensions/atmel/avrgcc/3.4.1.95/avrtoolchain/bin/../lib/gcc/avr/4.6.2/../../../../avr/lib/avr5\libm.a(fp_pscA.o)
 .data          0x00800061        0x0 c:/users/20100/downloads/atmel setup_mtgesh gmbo/extensions/atmel/avrgcc/3.4.1.95/avrtoolchain/bin/../lib/gcc/avr/4.6.2/../../../../avr/lib/avr5\libm.a(fp_pscB.o)
 .data          0x00800061        0x0 c:/users/20100/downloads/atmel setup_mtgesh gmbo/extensions/atmel/avrgcc/3.4.1.95/avrtoolchain/bin/../lib/gcc/avr/4.6.2/../../../../avr/lib/avr5\libm.a(fp_round.o)
 .data          0x00800061        0x0 c:/users/20100/downloads/atmel setup_mtgesh gmbo/extensions/atmel/avrgcc/3.4.1.95/avrtoolchain/bin/../lib/gcc/avr/4.6.2/avr5\libgcc.a(_exit.o)
 .data          0x00800061        0x0 c:/users/20100/downloads/atmel setup_mtgesh gmbo/extensions/atmel/avrgcc/3.4.1.95/avrtoolchain/bin/../lib/gcc/avr/4.6.2/avr5\libgcc.a(_copy_data.o)
 .data          0x00800061        0x0 c:/users/20100/downloads/atmel setup_mtgesh gmbo/extensions/atmel/avrgcc/3.4.1.95/avrtoolchain/bin/../lib/gcc/avr/4.6.2/avr5\libgcc.a(_clear_bss.o)
 *(.data*)
 *(.rodata)
 *(.rodata*)
 *(.gnu.linkonce.d*)
                0x00800062                . = ALIGN (0x2)
 *fill*         0x00800061        0x1 00
                0x00800062                _edata = .
                0x00800062                PROVIDE (__data_end, .)

.bss            0x00800062        0x3
                0x00800062                PROVIDE (__bss_start, .)
 *(.bss)
 .bss           0x00800062        0x0 c:/users/20100/downloads/atmel setup_mtgesh gmbo/extensions/atmel/avrgcc/3.4.1.95/avrtoolchain/bin/../lib/gcc/avr/4.6.2/../../../../avr/lib/avr5/crtm32.o
 .bss           0x00800062        0x0 ADC_driver.o
 .bss           0x00800062        0x0 DIO_driver.o
 .bss           0x00800062        0x0 LED_driver.o
 .bss           0x00800062        0x0 MOTORS.o
 .bss           0x00800062        0x3 Slave_B.o
                0x00800062                LAST_AIR_COND_STATUS
                0x00800063                Temp_ADC_READ
                0x00800064                counter
 .bss           0x00800065        0x0 SPI_driver.o
 .bss           0x00800065        0x0 Timer_driver.o
 .bss           0x00800065        0x0 c:/users/20100/downloads/atmel setup_mtgesh gmbo/extensions/atmel/avrgcc/3.4.1.95/avrtoolchain/bin/../lib/gcc/avr/4.6.2/../../../../avr/lib/avr5\libm.a(fixunssfsi.o)
 .bss           0x00800065        0x0 c:/users/20100/downloads/atmel setup_mtgesh gmbo/extensions/atmel/avrgcc/3.4.1.95/avrtoolchain/bin/../lib/gcc/avr/4.6.2/../../../../avr/lib/avr5\libm.a(floatsisf.o)
 .bss           0x00800065        0x0 c:/users/20100/downloads/atmel setup_mtgesh gmbo/extensions/atmel/avrgcc/3.4.1.95/avrtoolchain/bin/../lib/gcc/avr/4.6.2/../../../../avr/lib/avr5\libm.a(fp_split3.o)
 .bss           0x00800065        0x0 c:/users/20100/downloads/atmel setup_mtgesh gmbo/extensions/atmel/avrgcc/3.4.1.95/avrtoolchain/bin/../lib/gcc/avr/4.6.2/../../../../avr/lib/avr5\libm.a(fp_zero.o)
 .bss           0x00800065        0x0 c:/users/20100/downloads/atmel setup_mtgesh gmbo/extensions/atmel/avrgcc/3.4.1.95/avrtoolchain/bin/../lib/gcc/avr/4.6.2/../../../../avr/lib/avr5\libm.a(mulsf3.o)
 .bss           0x00800065        0x0 c:/users/20100/downloads/atmel setup_mtgesh gmbo/extensions/atmel/avrgcc/3.4.1.95/avrtoolchain/bin/../lib/gcc/avr/4.6.2/../../../../avr/lib/avr5\libm.a(mulsf3x.o)
 .bss           0x00800065        0x0 c:/users/20100/downloads/atmel setup_mtgesh gmbo/extensions/atmel/avrgcc/3.4.1.95/avrtoolchain/bin/../lib/gcc/avr/4.6.2/../../../../avr/lib/avr5\libm.a(fp_inf.o)
 .bss           0x00800065        0x0 c:/users/20100/downloads/atmel setup_mtgesh gmbo/extensions/atmel/avrgcc/3.4.1.95/avrtoolchain/bin/../lib/gcc/avr/4.6.2/../../../../avr/lib/avr5\libm.a(fp_nan.o)
 .bss           0x00800065        0x0 c:/users/20100/downloads/atmel setup_mtgesh gmbo/extensions/atmel/avrgcc/3.4.1.95/avrtoolchain/bin/../lib/gcc/avr/4.6.2/../../../../avr/lib/avr5\libm.a(fp_pscA.o)
 .bss           0x00800065        0x0 c:/users/20100/downloads/atmel setup_mtgesh gmbo/extensions/atmel/avrgcc/3.4.1.95/avrtoolchain/bin/../lib/gcc/avr/4.6.2/../../../../avr/lib/avr5\libm.a(fp_pscB.o)
 .bss           0x00800065        0x0 c:/users/20100/downloads/atmel setup_mtgesh gmbo/extensions/atmel/avrgcc/3.4.1.95/avrtoolchain/bin/../lib/gcc/avr/4.6.2/../../../../avr/lib/avr5\libm.a(fp_round.o)
 .bss           0x00800065        0x0 c:/users/20100/downloads/atmel setup_mtgesh gmbo/extensions/atmel/avrgcc/3.4.1.95/avrtoolchain/bin/../lib/gcc/avr/4.6.2/avr5\libgcc.a(_exit.o)
 .bss           0x00800065        0x0 c:/users/20100/downloads/atmel setup_mtgesh gmbo/extensions/atmel/avrgcc/3.4.1.95/avrtoolchain/bin/../lib/gcc/avr/4.6.2/avr5\libgcc.a(_copy_data.o)
 .bss           0x00800065        0x0 c:/users/20100/downloads/atmel setup_mtgesh gmbo/extensions/atmel/avrgcc/3.4.1.95/avrtoolchain/bin/../lib/gcc/avr/4.6.2/avr5\libgcc.a(_clear_bss.o)
 *(.bss*)
 *(COMMON)
                0x00800065                PROVIDE (__bss_end, .)
                0x00000de6                __data_load_start = LOADADDR (.data)
                0x00000de8                __data_load_end = (__data_load_start + SIZEOF (.data))

.noinit         0x00800065        0x0
                0x00800065                PROVIDE (__noinit_start, .)
 *(.noinit*)
                0x00800065                PROVIDE (__noinit_end, .)
                0x00800065                _end = .
                0x00800065                PROVIDE (__heap_start, .)

.eeprom         0x00810000        0x0
 *(.eeprom*)
                0x00810000                __eeprom_end = .

.fuse
 *(.fuse)
 *(.lfuse)
 *(.hfuse)
 *(.efuse)

.lock
 *(.lock*)

.signature
 *(.signature*)

.stab           0x00000000     0x1674
 *(.stab)
 .stab          0x00000000      0x6cc c:/users/20100/downloads/atmel setup_mtgesh gmbo/extensions/atmel/avrgcc/3.4.1.95/avrtoolchain/bin/../lib/gcc/avr/4.6.2/../../../../avr/lib/avr5/crtm32.o
 .stab          0x000006cc      0x240 c:/users/20100/downloads/atmel setup_mtgesh gmbo/extensions/atmel/avrgcc/3.4.1.95/avrtoolchain/bin/../lib/gcc/avr/4.6.2/../../../../avr/lib/avr5\libm.a(fixunssfsi.o)
                                0x24c (size before relaxing)
 .stab          0x0000090c      0x318 c:/users/20100/downloads/atmel setup_mtgesh gmbo/extensions/atmel/avrgcc/3.4.1.95/avrtoolchain/bin/../lib/gcc/avr/4.6.2/../../../../avr/lib/avr5\libm.a(floatsisf.o)
                                0x324 (size before relaxing)
 .stab          0x00000c24      0x1d4 c:/users/20100/downloads/atmel setup_mtgesh gmbo/extensions/atmel/avrgcc/3.4.1.95/avrtoolchain/bin/../lib/gcc/avr/4.6.2/../../../../avr/lib/avr5\libm.a(fp_split3.o)
                                0x1e0 (size before relaxing)
 .stab          0x00000df8       0x90 c:/users/20100/downloads/atmel setup_mtgesh gmbo/extensions/atmel/avrgcc/3.4.1.95/avrtoolchain/bin/../lib/gcc/avr/4.6.2/../../../../avr/lib/avr5\libm.a(fp_zero.o)
                                 0x9c (size before relaxing)
 .stab          0x00000e88       0x48 c:/users/20100/downloads/atmel setup_mtgesh gmbo/extensions/atmel/avrgcc/3.4.1.95/avrtoolchain/bin/../lib/gcc/avr/4.6.2/../../../../avr/lib/avr5\libm.a(mulsf3.o)
                                 0x54 (size before relaxing)
 .stab          0x00000ed0      0x4d4 c:/users/20100/downloads/atmel setup_mtgesh gmbo/extensions/atmel/avrgcc/3.4.1.95/avrtoolchain/bin/../lib/gcc/avr/4.6.2/../../../../avr/lib/avr5\libm.a(mulsf3x.o)
                                0x4e0 (size before relaxing)
 .stab          0x000013a4       0x78 c:/users/20100/downloads/atmel setup_mtgesh gmbo/extensions/atmel/avrgcc/3.4.1.95/avrtoolchain/bin/../lib/gcc/avr/4.6.2/../../../../avr/lib/avr5\libm.a(fp_inf.o)
                                 0x84 (size before relaxing)
 .stab          0x0000141c       0x54 c:/users/20100/downloads/atmel setup_mtgesh gmbo/extensions/atmel/avrgcc/3.4.1.95/avrtoolchain/bin/../lib/gcc/avr/4.6.2/../../../../avr/lib/avr5\libm.a(fp_nan.o)
                                 0x60 (size before relaxing)
 .stab          0x00001470       0x84 c:/users/20100/downloads/atmel setup_mtgesh gmbo/extensions/atmel/avrgcc/3.4.1.95/avrtoolchain/bin/../lib/gcc/avr/4.6.2/../../../../avr/lib/avr5\libm.a(fp_pscA.o)
                                 0x90 (size before relaxing)
 .stab          0x000014f4       0x84 c:/users/20100/downloads/atmel setup_mtgesh gmbo/extensions/atmel/avrgcc/3.4.1.95/avrtoolchain/bin/../lib/gcc/avr/4.6.2/../../../../avr/lib/avr5\libm.a(fp_pscB.o)
                                 0x90 (size before relaxing)
 .stab          0x00001578       0xfc c:/users/20100/downloads/atmel setup_mtgesh gmbo/extensions/atmel/avrgcc/3.4.1.95/avrtoolchain/bin/../lib/gcc/avr/4.6.2/../../../../avr/lib/avr5\libm.a(fp_round.o)
                                0x108 (size before relaxing)

.stabstr        0x00000000      0x4c0
 *(.stabstr)
 .stabstr       0x00000000      0x4c0 c:/users/20100/downloads/atmel setup_mtgesh gmbo/extensions/atmel/avrgcc/3.4.1.95/avrtoolchain/bin/../lib/gcc/avr/4.6.2/../../../../avr/lib/avr5/crtm32.o

.stab.excl
 *(.stab.excl)

.stab.exclstr
 *(.stab.exclstr)

.stab.index
 *(.stab.index)

.stab.indexstr
 *(.stab.indexstr)

.comment
 *(.comment)

.debug
 *(.debug)

.line
 *(.line)

.debug_srcinfo
 *(.debug_srcinfo)

.debug_sfnames
 *(.debug_sfnames)

.debug_aranges  0x00000000      0x140
 *(.debug_aranges)
 .debug_aranges
                0x00000000       0x20 ADC_driver.o
 .debug_aranges
                0x00000020       0x20 DIO_driver.o
 .debug_aranges
                0x00000040       0x20 LED_driver.o
 .debug_aranges
                0x00000060       0x20 MOTORS.o
 .debug_aranges
                0x00000080       0x20 Slave_B.o
 .debug_aranges
                0x000000a0       0x20 SPI_driver.o
 .debug_aranges
                0x000000c0       0x20 Timer_driver.o
 .debug_aranges
                0x000000e0       0x20 c:/users/20100/downloads/atmel setup_mtgesh gmbo/extensions/atmel/avrgcc/3.4.1.95/avrtoolchain/bin/../lib/gcc/avr/4.6.2/avr5\libgcc.a(_exit.o)
 .debug_aranges
                0x00000100       0x20 c:/users/20100/downloads/atmel setup_mtgesh gmbo/extensions/atmel/avrgcc/3.4.1.95/avrtoolchain/bin/../lib/gcc/avr/4.6.2/avr5\libgcc.a(_copy_data.o)
 .debug_aranges
                0x00000120       0x20 c:/users/20100/downloads/atmel setup_mtgesh gmbo/extensions/atmel/avrgcc/3.4.1.95/avrtoolchain/bin/../lib/gcc/avr/4.6.2/avr5\libgcc.a(_clear_bss.o)

.debug_pubnames
 *(.debug_pubnames)

.debug_info     0x00000000      0xc04
 *(.debug_info)
 .debug_info    0x00000000       0xb2 ADC_driver.o
 .debug_info    0x000000b2      0x2d9 DIO_driver.o
 .debug_info    0x0000038b      0x14c LED_driver.o
 .debug_info    0x000004d7      0x12b MOTORS.o
 .debug_info    0x00000602      0x1da Slave_B.o
 .debug_info    0x000007dc       0xe9 SPI_driver.o
 .debug_info    0x000008c5       0xa8 Timer_driver.o
 .debug_info    0x0000096d       0xdd c:/users/20100/downloads/atmel setup_mtgesh gmbo/extensions/atmel/avrgcc/3.4.1.95/avrtoolchain/bin/../lib/gcc/avr/4.6.2/avr5\libgcc.a(_exit.o)
 .debug_info    0x00000a4a       0xdd c:/users/20100/downloads/atmel setup_mtgesh gmbo/extensions/atmel/avrgcc/3.4.1.95/avrtoolchain/bin/../lib/gcc/avr/4.6.2/avr5\libgcc.a(_copy_data.o)
 .debug_info    0x00000b27       0xdd c:/users/20100/downloads/atmel setup_mtgesh gmbo/extensions/atmel/avrgcc/3.4.1.95/avrtoolchain/bin/../lib/gcc/avr/4.6.2/avr5\libgcc.a(_clear_bss.o)
 *(.gnu.linkonce.wi.*)

.debug_abbrev   0x00000000      0x43f
 *(.debug_abbrev)
 .debug_abbrev  0x00000000       0x74 ADC_driver.o
 .debug_abbrev  0x00000074       0xcf DIO_driver.o
 .debug_abbrev  0x00000143       0x73 LED_driver.o
 .debug_abbrev  0x000001b6       0x5c MOTORS.o
 .debug_abbrev  0x00000212      0x11a Slave_B.o
 .debug_abbrev  0x0000032c       0x8b SPI_driver.o
 .debug_abbrev  0x000003b7       0x4c Timer_driver.o
 .debug_abbrev  0x00000403       0x14 c:/users/20100/downloads/atmel setup_mtgesh gmbo/extensions/atmel/avrgcc/3.4.1.95/avrtoolchain/bin/../lib/gcc/avr/4.6.2/avr5\libgcc.a(_exit.o)
 .debug_abbrev  0x00000417       0x14 c:/users/20100/downloads/atmel setup_mtgesh gmbo/extensions/atmel/avrgcc/3.4.1.95/avrtoolchain/bin/../lib/gcc/avr/4.6.2/avr5\libgcc.a(_copy_data.o)
 .debug_abbrev  0x0000042b       0x14 c:/users/20100/downloads/atmel setup_mtgesh gmbo/extensions/atmel/avrgcc/3.4.1.95/avrtoolchain/bin/../lib/gcc/avr/4.6.2/avr5\libgcc.a(_clear_bss.o)

.debug_line     0x00000000      0x85e
 *(.debug_line)
 .debug_line    0x00000000       0xeb ADC_driver.o
 .debug_line    0x000000eb      0x170 DIO_driver.o
 .debug_line    0x0000025b       0x4c LED_driver.o
 .debug_line    0x000002a7       0x49 MOTORS.o
 .debug_line    0x000002f0      0x1dd Slave_B.o
 .debug_line    0x000004cd       0xf9 SPI_driver.o
 .debug_line    0x000005c6       0xf1 Timer_driver.o
 .debug_line    0x000006b7       0x88 c:/users/20100/downloads/atmel setup_mtgesh gmbo/extensions/atmel/avrgcc/3.4.1.95/avrtoolchain/bin/../lib/gcc/avr/4.6.2/avr5\libgcc.a(_exit.o)
 .debug_line    0x0000073f       0x91 c:/users/20100/downloads/atmel setup_mtgesh gmbo/extensions/atmel/avrgcc/3.4.1.95/avrtoolchain/bin/../lib/gcc/avr/4.6.2/avr5\libgcc.a(_copy_data.o)
 .debug_line    0x000007d0       0x8e c:/users/20100/downloads/atmel setup_mtgesh gmbo/extensions/atmel/avrgcc/3.4.1.95/avrtoolchain/bin/../lib/gcc/avr/4.6.2/avr5\libgcc.a(_clear_bss.o)

.debug_frame    0x00000000      0x2e0
 *(.debug_frame)
 .debug_frame   0x00000000       0x34 ADC_driver.o
 .debug_frame   0x00000034       0xb4 DIO_driver.o
 .debug_frame   0x000000e8       0x64 LED_driver.o
 .debug_frame   0x0000014c       0x78 MOTORS.o
 .debug_frame   0x000001c4       0x7c Slave_B.o
 .debug_frame   0x00000240       0x5c SPI_driver.o
 .debug_frame   0x0000029c       0x44 Timer_driver.o

.debug_str      0x00000000      0x3e5
 *(.debug_str)
 .debug_str     0x00000000       0xdb ADC_driver.o
                                0x10f (size before relaxing)
 .debug_str     0x000000db       0xeb DIO_driver.o
                                0x1cf (size before relaxing)
 .debug_str     0x000001c6       0x4c LED_driver.o
                                 0xca (size before relaxing)
 .debug_str     0x00000212       0x55 MOTORS.o
                                 0xc5 (size before relaxing)
 .debug_str     0x00000267       0xc2 Slave_B.o
                                0x186 (size before relaxing)
 .debug_str     0x00000329       0x61 SPI_driver.o
                                0x128 (size before relaxing)
 .debug_str     0x0000038a       0x5b Timer_driver.o
                                0x122 (size before relaxing)

.debug_loc      0x00000000      0xa48
 *(.debug_loc)
 .debug_loc     0x00000000       0x2e ADC_driver.o
 .debug_loc     0x0000002e      0x617 DIO_driver.o
 .debug_loc     0x00000645       0xbe LED_driver.o
 .debug_loc     0x00000703      0x18d MOTORS.o
 .debug_loc     0x00000890      0x14d Slave_B.o
 .debug_loc     0x000009dd       0x6b SPI_driver.o

.debug_macinfo
 *(.debug_macinfo)
OUTPUT(Slave_B.elf elf32-avr)
LOAD linker stubs
